[1.006s] Invoking command in '/workspace/ros_inorbit_samples.code-workspace/inorbit_republisher/build/inorbit_republisher': PYTHONPATH=/workspace/ros_inorbit_samples.code-workspace/inorbit_republisher/build/inorbit_republisher/prefix_override:/usr/lib/python3/dist-packages/colcon_core/task/python/colcon_distutils_commands:/workspace/ros_inorbit_samples.code-workspace/inorbit_republisher/install/inorbit_republisher/lib/python3.12/site-packages:${PYTHONPATH} /usr/bin/python3 -W ignore:setup.py install is deprecated -W ignore:easy_install command is deprecated setup.py develop --editable --build-directory /workspace/ros_inorbit_samples.code-workspace/inorbit_republisher/build/inorbit_republisher/build --no-deps symlink_data
[1.163s] /usr/lib/python3/dist-packages/setuptools/dist.py:744: SetuptoolsDeprecationWarning: Invalid dash-separated options
[1.164s] !!
[1.164s] 
[1.164s]         ********************************************************************************
[1.164s]         Usage of dash-separated 'script-dir' will not be supported in future
[1.164s]         versions. Please use the underscore name 'script_dir' instead.
[1.164s] 
[1.164s]         This deprecation is overdue, please update your project and remove deprecated
[1.165s]         calls to avoid build errors in the future.
[1.165s] 
[1.165s]         See https://setuptools.pypa.io/en/latest/userguide/declarative_config.html for details.
[1.165s]         ********************************************************************************
[1.165s] 
[1.165s] !!
[1.165s]   opt = self.warn_dash_deprecation(opt, section)
[1.356s] running develop
[1.550s] running egg_info
[1.568s] writing inorbit_republisher.egg-info/PKG-INFO
[1.569s] writing dependency_links to inorbit_republisher.egg-info/dependency_links.txt
[1.569s] writing entry points to inorbit_republisher.egg-info/entry_points.txt
[1.569s] writing requirements to inorbit_republisher.egg-info/requires.txt
[1.569s] writing top-level names to inorbit_republisher.egg-info/top_level.txt
[1.609s] reading manifest file 'inorbit_republisher.egg-info/SOURCES.txt'
[1.611s] writing manifest file 'inorbit_republisher.egg-info/SOURCES.txt'
[1.631s] running build_ext
[1.633s] Creating /workspace/ros_inorbit_samples.code-workspace/inorbit_republisher/install/inorbit_republisher/lib/python3.12/site-packages/inorbit-republisher.egg-link (link to .)
[1.634s] Installing republisher script to /workspace/ros_inorbit_samples.code-workspace/inorbit_republisher/install/inorbit_republisher/lib/inorbit_republisher
[1.634s] 
[1.634s] Installed /workspace/ros_inorbit_samples.code-workspace/inorbit_republisher/build/inorbit_republisher
[1.634s] running symlink_data
[1.676s] Invoked command in '/workspace/ros_inorbit_samples.code-workspace/inorbit_republisher/build/inorbit_republisher' returned '0': PYTHONPATH=/workspace/ros_inorbit_samples.code-workspace/inorbit_republisher/build/inorbit_republisher/prefix_override:/usr/lib/python3/dist-packages/colcon_core/task/python/colcon_distutils_commands:/workspace/ros_inorbit_samples.code-workspace/inorbit_republisher/install/inorbit_republisher/lib/python3.12/site-packages:${PYTHONPATH} /usr/bin/python3 -W ignore:setup.py install is deprecated -W ignore:easy_install command is deprecated setup.py develop --editable --build-directory /workspace/ros_inorbit_samples.code-workspace/inorbit_republisher/build/inorbit_republisher/build --no-deps symlink_data
