[1.075s] Invoking command in '/workspace/ros_inorbit_samples.code-workspace/inorbit_republisher/build/inorbit_republisher': PYTHONPATH=/workspace/ros_inorbit_samples.code-workspace/inorbit_republisher/build/inorbit_republisher/prefix_override:/usr/lib/python3/dist-packages/colcon_core/task/python/colcon_distutils_commands:/workspace/ros_inorbit_samples.code-workspace/inorbit_republisher/install/inorbit_republisher/lib/python3.12/site-packages:${PYTHONPATH} /usr/bin/python3 -W ignore:setup.py install is deprecated -W ignore:easy_install command is deprecated setup.py develop --editable --build-directory /workspace/ros_inorbit_samples.code-workspace/inorbit_republisher/build/inorbit_republisher/build --no-deps symlink_data --force
[1.277s] /usr/lib/python3/dist-packages/setuptools/dist.py:744: SetuptoolsDeprecationWarning: Invalid dash-separated options
[1.278s] !!
[1.278s] 
[1.278s]         ********************************************************************************
[1.278s]         Usage of dash-separated 'script-dir' will not be supported in future
[1.278s]         versions. Please use the underscore name 'script_dir' instead.
[1.278s] 
[1.279s]         This deprecation is overdue, please update your project and remove deprecated
[1.279s]         calls to avoid build errors in the future.
[1.279s] 
[1.279s]         See https://setuptools.pypa.io/en/latest/userguide/declarative_config.html for details.
[1.279s]         ********************************************************************************
[1.279s] 
[1.280s] !!
[1.280s]   opt = self.warn_dash_deprecation(opt, section)
[1.591s] running develop
[1.872s] running egg_info
[1.898s] writing inorbit_republisher.egg-info/PKG-INFO
[1.898s] writing dependency_links to inorbit_republisher.egg-info/dependency_links.txt
[1.899s] writing entry points to inorbit_republisher.egg-info/entry_points.txt
[1.899s] writing requirements to inorbit_republisher.egg-info/requires.txt
[1.899s] writing top-level names to inorbit_republisher.egg-info/top_level.txt
[1.948s] reading manifest file 'inorbit_republisher.egg-info/SOURCES.txt'
[1.950s] writing manifest file 'inorbit_republisher.egg-info/SOURCES.txt'
[1.974s] running build_ext
[1.974s] Creating /workspace/ros_inorbit_samples.code-workspace/inorbit_republisher/install/inorbit_republisher/lib/python3.12/site-packages/inorbit-republisher.egg-link (link to .)
[1.975s] Installing republisher script to /workspace/ros_inorbit_samples.code-workspace/inorbit_republisher/install/inorbit_republisher/lib/inorbit_republisher
[1.976s] 
[1.976s] Installed /workspace/ros_inorbit_samples.code-workspace/inorbit_republisher/build/inorbit_republisher
[1.976s] running symlink_data
[1.976s] symbolically linking /workspace/ros_inorbit_samples.code-workspace/inorbit_republisher/build/inorbit_republisher/resource/inorbit_republisher -> /workspace/ros_inorbit_samples.code-workspace/inorbit_republisher/install/inorbit_republisher/share/ament_index/resource_index/packages
[1.976s] symbolically linking /workspace/ros_inorbit_samples.code-workspace/inorbit_republisher/build/inorbit_republisher/package.xml -> /workspace/ros_inorbit_samples.code-workspace/inorbit_republisher/install/inorbit_republisher/share/inorbit_republisher
[1.977s] symbolically linking /workspace/ros_inorbit_samples.code-workspace/inorbit_republisher/build/inorbit_republisher/launch/example.launch.xml -> /workspace/ros_inorbit_samples.code-workspace/inorbit_republisher/install/inorbit_republisher/share/inorbit_republisher
[1.977s] symbolically linking /workspace/ros_inorbit_samples.code-workspace/inorbit_republisher/build/inorbit_republisher/launch/republisher_launch.py -> /workspace/ros_inorbit_samples.code-workspace/inorbit_republisher/install/inorbit_republisher/share/inorbit_republisher
[1.977s] symbolically linking /workspace/ros_inorbit_samples.code-workspace/inorbit_republisher/build/inorbit_republisher/config/example.yaml -> /workspace/ros_inorbit_samples.code-workspace/inorbit_republisher/install/inorbit_republisher/share/inorbit_republisher/config
[2.031s] Invoked command in '/workspace/ros_inorbit_samples.code-workspace/inorbit_republisher/build/inorbit_republisher' returned '0': PYTHONPATH=/workspace/ros_inorbit_samples.code-workspace/inorbit_republisher/build/inorbit_republisher/prefix_override:/usr/lib/python3/dist-packages/colcon_core/task/python/colcon_distutils_commands:/workspace/ros_inorbit_samples.code-workspace/inorbit_republisher/install/inorbit_republisher/lib/python3.12/site-packages:${PYTHONPATH} /usr/bin/python3 -W ignore:setup.py install is deprecated -W ignore:easy_install command is deprecated setup.py develop --editable --build-directory /workspace/ros_inorbit_samples.code-workspace/inorbit_republisher/build/inorbit_republisher/build --no-deps symlink_data --force
