[0.296s] DEBUG:colcon:Command line arguments: ['/usr/bin/colcon', 'build', '--packages-select', 'inorbit_republisher', '--symlink-install']
[0.296s] DEBUG:colcon:Parsed command line arguments: Namespace(log_base=None, log_level=None, verb_name='build', build_base='build', install_base='install', merge_install=False, symlink_install=True, test_result_base=None, continue_on_error=False, executor='parallel', parallel_workers=4, event_handlers=None, ignore_user_meta=False, metas=['./colcon.meta'], base_paths=['.'], packages_ignore=None, packages_ignore_regex=None, paths=None, packages_up_to=None, packages_up_to_regex=None, packages_above=None, packages_above_and_dependencies=None, packages_above_depth=None, packages_select_by_dep=None, packages_skip_by_dep=None, packages_skip_up_to=None, packages_select_build_failed=False, packages_skip_build_finished=False, packages_select_test_failures=False, packages_skip_test_passed=False, packages_select=['inorbit_republisher'], packages_skip=None, packages_select_regex=None, packages_skip_regex=None, packages_start=None, packages_end=None, cmake_args=None, cmake_target=None, cmake_target_skip_unavailable=False, cmake_clean_cache=False, cmake_clean_first=False, cmake_force_configure=False, ament_cmake_args=None, catkin_cmake_args=None, catkin_skip_building_tests=False, mixin_files=None, mixin=None, verb_parser=<colcon_mixin.mixin.mixin_argument.MixinArgumentDecorator object at 0x7fc1ccef8fb0>, verb_extension=<colcon_core.verb.build.BuildVerb object at 0x7fc1cd011730>, main=<bound method BuildVerb.main of <colcon_core.verb.build.BuildVerb object at 0x7fc1cd011730>>, mixin_verb=('build',))
[0.378s] Level 1:colcon.colcon_core.package_discovery:discover_packages(colcon_meta) check parameters
[0.379s] INFO:colcon.colcon_metadata.package_discovery.colcon_meta:Using configuration from '/root/.colcon/metadata/default/Gazebo.meta'
[0.379s] INFO:colcon.colcon_metadata.package_discovery.colcon_meta:Using configuration from '/root/.colcon/metadata/default/fastrtps.meta'
[0.379s] Level 1:colcon.colcon_core.package_discovery:discover_packages(recursive) check parameters
[0.379s] Level 1:colcon.colcon_core.package_discovery:discover_packages(ignore) check parameters
[0.379s] Level 1:colcon.colcon_core.package_discovery:discover_packages(path) check parameters
[0.379s] Level 1:colcon.colcon_core.package_discovery:discover_packages(colcon_meta) discover
[0.379s] Level 1:colcon.colcon_core.package_discovery:discover_packages(recursive) discover
[0.379s] INFO:colcon.colcon_core.package_discovery:Crawling recursively for packages in '/workspace/ros_inorbit_samples.code-workspace/inorbit_republisher'
[0.380s] Level 1:colcon.colcon_core.package_identification:_identify(.) by extensions ['ignore', 'ignore_ament_install']
[0.380s] Level 1:colcon.colcon_core.package_identification:_identify(.) by extension 'ignore'
[0.380s] Level 1:colcon.colcon_core.package_identification:_identify(.) by extension 'ignore_ament_install'
[0.380s] Level 1:colcon.colcon_core.package_identification:_identify(.) by extensions ['colcon_pkg']
[0.380s] Level 1:colcon.colcon_core.package_identification:_identify(.) by extension 'colcon_pkg'
[0.380s] Level 1:colcon.colcon_core.package_identification:_identify(.) by extensions ['colcon_meta']
[0.380s] Level 1:colcon.colcon_core.package_identification:_identify(.) by extension 'colcon_meta'
[0.380s] Level 1:colcon.colcon_core.package_identification:_identify(.) by extensions ['ros']
[0.380s] Level 1:colcon.colcon_core.package_identification:_identify(.) by extension 'ros'
[0.436s] DEBUG:colcon.colcon_core.package_identification:Package '.' with type 'ros.ament_python' and name 'inorbit_republisher'
[0.436s] Level 1:colcon.colcon_core.package_discovery:discover_packages(recursive) using defaults
[0.436s] Level 1:colcon.colcon_core.package_discovery:discover_packages(ignore) discover
[0.436s] Level 1:colcon.colcon_core.package_discovery:discover_packages(ignore) using defaults
[0.436s] Level 1:colcon.colcon_core.package_discovery:discover_packages(path) discover
[0.436s] Level 1:colcon.colcon_core.package_discovery:discover_packages(path) using defaults
[0.468s] Level 5:colcon.colcon_core.verb:set package 'inorbit_republisher' build argument 'cmake_args' from command line to 'None'
[0.469s] Level 5:colcon.colcon_core.verb:set package 'inorbit_republisher' build argument 'cmake_target' from command line to 'None'
[0.469s] Level 5:colcon.colcon_core.verb:set package 'inorbit_republisher' build argument 'cmake_target_skip_unavailable' from command line to 'False'
[0.469s] Level 5:colcon.colcon_core.verb:set package 'inorbit_republisher' build argument 'cmake_clean_cache' from command line to 'False'
[0.469s] Level 5:colcon.colcon_core.verb:set package 'inorbit_republisher' build argument 'cmake_clean_first' from command line to 'False'
[0.469s] Level 5:colcon.colcon_core.verb:set package 'inorbit_republisher' build argument 'cmake_force_configure' from command line to 'False'
[0.469s] Level 5:colcon.colcon_core.verb:set package 'inorbit_republisher' build argument 'ament_cmake_args' from command line to 'None'
[0.469s] Level 5:colcon.colcon_core.verb:set package 'inorbit_republisher' build argument 'catkin_cmake_args' from command line to 'None'
[0.469s] Level 5:colcon.colcon_core.verb:set package 'inorbit_republisher' build argument 'catkin_skip_building_tests' from command line to 'False'
[0.469s] DEBUG:colcon.colcon_core.verb:Building package 'inorbit_republisher' with the following arguments: {'ament_cmake_args': None, 'build_base': '/workspace/ros_inorbit_samples.code-workspace/inorbit_republisher/build/inorbit_republisher', 'catkin_cmake_args': None, 'catkin_skip_building_tests': False, 'cmake_args': None, 'cmake_clean_cache': False, 'cmake_clean_first': False, 'cmake_force_configure': False, 'cmake_target': None, 'cmake_target_skip_unavailable': False, 'install_base': '/workspace/ros_inorbit_samples.code-workspace/inorbit_republisher/install/inorbit_republisher', 'merge_install': False, 'path': '/workspace/ros_inorbit_samples.code-workspace/inorbit_republisher', 'symlink_install': True, 'test_result_base': None}
[0.469s] INFO:colcon.colcon_core.executor:Executing jobs using 'parallel' executor
[0.470s] DEBUG:colcon.colcon_parallel_executor.executor.parallel:run_until_complete
[0.472s] INFO:colcon.colcon_ros.task.ament_python.build:Building ROS package in '/workspace/ros_inorbit_samples.code-workspace/inorbit_republisher' with build type 'ament_python'
[0.472s] Level 1:colcon.colcon_core.shell:create_environment_hook('inorbit_republisher', 'ament_prefix_path')
[0.475s] INFO:colcon.colcon_core.plugin_system:Skipping extension 'colcon_core.shell.bat': Not used on non-Windows systems
[0.475s] INFO:colcon.colcon_core.shell:Creating environment hook '/workspace/ros_inorbit_samples.code-workspace/inorbit_republisher/install/inorbit_republisher/share/inorbit_republisher/hook/ament_prefix_path.ps1'
[0.476s] INFO:colcon.colcon_core.shell:Creating environment descriptor '/workspace/ros_inorbit_samples.code-workspace/inorbit_republisher/install/inorbit_republisher/share/inorbit_republisher/hook/ament_prefix_path.dsv'
[0.476s] INFO:colcon.colcon_core.shell:Creating environment hook '/workspace/ros_inorbit_samples.code-workspace/inorbit_republisher/install/inorbit_republisher/share/inorbit_republisher/hook/ament_prefix_path.sh'
[0.477s] INFO:colcon.colcon_core.shell:Skip shell extension 'powershell' for command environment: Not usable outside of PowerShell
[0.477s] DEBUG:colcon.colcon_core.shell:Skip shell extension 'dsv' for command environment
[0.769s] INFO:colcon.colcon_core.task.python.build:Building Python package in '/workspace/ros_inorbit_samples.code-workspace/inorbit_republisher'
[0.769s] INFO:colcon.colcon_core.shell:Skip shell extension 'powershell' for command environment: Not usable outside of PowerShell
[0.769s] DEBUG:colcon.colcon_core.shell:Skip shell extension 'dsv' for command environment
[1.544s] DEBUG:colcon.colcon_core.task.python.build:While undoing a previous installation files outside the Python library path are being ignored: /workspace/ros_inorbit_samples.code-workspace/inorbit_republisher/install/inorbit_republisher/share/ament_index/resource_index/packages/inorbit_republisher
[1.545s] DEBUG:colcon.colcon_core.task.python.build:While undoing a previous installation files outside the Python library path are being ignored: /workspace/ros_inorbit_samples.code-workspace/inorbit_republisher/install/inorbit_republisher/share/inorbit_republisher/package.xml
[1.545s] DEBUG:colcon.colcon_core.task.python.build:While undoing a previous installation files outside the Python library path are being ignored: /workspace/ros_inorbit_samples.code-workspace/inorbit_republisher/install/inorbit_republisher/share/inorbit_republisher/example.launch.xml
[1.545s] DEBUG:colcon.colcon_core.task.python.build:While undoing a previous installation files outside the Python library path are being ignored: /workspace/ros_inorbit_samples.code-workspace/inorbit_republisher/install/inorbit_republisher/share/inorbit_republisher/republisher_launch.py
[1.545s] DEBUG:colcon.colcon_core.task.python.build:While undoing a previous installation files outside the Python library path are being ignored: /workspace/ros_inorbit_samples.code-workspace/inorbit_republisher/install/inorbit_republisher/share/inorbit_republisher/config/example.yaml
[1.545s] DEBUG:colcon.colcon_core.task.python.build:While undoing a previous installation files outside the Python library path are being ignored: /workspace/ros_inorbit_samples.code-workspace/inorbit_republisher/install/inorbit_republisher/lib/inorbit_republisher/republisher
[1.548s] DEBUG:colcon.colcon_core.event_handler.log_command:Invoking command in '/workspace/ros_inorbit_samples.code-workspace/inorbit_republisher/build/inorbit_republisher': PYTHONPATH=/workspace/ros_inorbit_samples.code-workspace/inorbit_republisher/build/inorbit_republisher/prefix_override:/usr/lib/python3/dist-packages/colcon_core/task/python/colcon_distutils_commands:/workspace/ros_inorbit_samples.code-workspace/inorbit_republisher/install/inorbit_republisher/lib/python3.12/site-packages:${PYTHONPATH} /usr/bin/python3 -W ignore:setup.py install is deprecated -W ignore:easy_install command is deprecated setup.py develop --editable --build-directory /workspace/ros_inorbit_samples.code-workspace/inorbit_republisher/build/inorbit_republisher/build --no-deps symlink_data --force
[2.503s] Level 1:colcon.colcon_core.shell:create_environment_hook('inorbit_republisher', 'pythonpath_develop')
[2.503s] DEBUG:colcon.colcon_core.event_handler.log_command:Invoked command in '/workspace/ros_inorbit_samples.code-workspace/inorbit_republisher/build/inorbit_republisher' returned '0': PYTHONPATH=/workspace/ros_inorbit_samples.code-workspace/inorbit_republisher/build/inorbit_republisher/prefix_override:/usr/lib/python3/dist-packages/colcon_core/task/python/colcon_distutils_commands:/workspace/ros_inorbit_samples.code-workspace/inorbit_republisher/install/inorbit_republisher/lib/python3.12/site-packages:${PYTHONPATH} /usr/bin/python3 -W ignore:setup.py install is deprecated -W ignore:easy_install command is deprecated setup.py develop --editable --build-directory /workspace/ros_inorbit_samples.code-workspace/inorbit_republisher/build/inorbit_republisher/build --no-deps symlink_data --force
[2.504s] INFO:colcon.colcon_core.shell:Creating environment hook '/workspace/ros_inorbit_samples.code-workspace/inorbit_republisher/build/inorbit_republisher/share/inorbit_republisher/hook/pythonpath_develop.ps1'
[2.505s] INFO:colcon.colcon_core.shell:Creating environment descriptor '/workspace/ros_inorbit_samples.code-workspace/inorbit_republisher/build/inorbit_republisher/share/inorbit_republisher/hook/pythonpath_develop.dsv'
[2.505s] INFO:colcon.colcon_core.shell:Creating environment hook '/workspace/ros_inorbit_samples.code-workspace/inorbit_republisher/build/inorbit_republisher/share/inorbit_republisher/hook/pythonpath_develop.sh'
[2.512s] Level 1:colcon.colcon_core.environment:checking '/workspace/ros_inorbit_samples.code-workspace/inorbit_republisher/install/inorbit_republisher' for CMake module files
[2.513s] Level 1:colcon.colcon_core.environment:checking '/workspace/ros_inorbit_samples.code-workspace/inorbit_republisher/install/inorbit_republisher' for CMake config files
[2.514s] Level 1:colcon.colcon_core.environment:checking '/workspace/ros_inorbit_samples.code-workspace/inorbit_republisher/install/inorbit_republisher/lib'
[2.514s] Level 1:colcon.colcon_core.environment:checking '/workspace/ros_inorbit_samples.code-workspace/inorbit_republisher/install/inorbit_republisher/bin'
[2.515s] Level 1:colcon.colcon_core.environment:checking '/workspace/ros_inorbit_samples.code-workspace/inorbit_republisher/install/inorbit_republisher/lib/pkgconfig/inorbit_republisher.pc'
[2.515s] Level 1:colcon.colcon_core.environment:checking '/workspace/ros_inorbit_samples.code-workspace/inorbit_republisher/install/inorbit_republisher/lib/python3.12/site-packages'
[2.515s] Level 1:colcon.colcon_core.shell:create_environment_hook('inorbit_republisher', 'pythonpath')
[2.515s] INFO:colcon.colcon_core.shell:Creating environment hook '/workspace/ros_inorbit_samples.code-workspace/inorbit_republisher/install/inorbit_republisher/share/inorbit_republisher/hook/pythonpath.ps1'
[2.516s] INFO:colcon.colcon_core.shell:Creating environment descriptor '/workspace/ros_inorbit_samples.code-workspace/inorbit_republisher/install/inorbit_republisher/share/inorbit_republisher/hook/pythonpath.dsv'
[2.516s] INFO:colcon.colcon_core.shell:Creating environment hook '/workspace/ros_inorbit_samples.code-workspace/inorbit_republisher/install/inorbit_republisher/share/inorbit_republisher/hook/pythonpath.sh'
[2.517s] Level 1:colcon.colcon_core.environment:checking '/workspace/ros_inorbit_samples.code-workspace/inorbit_republisher/install/inorbit_republisher/bin'
[2.517s] Level 1:colcon.colcon_core.environment:create_environment_scripts_only(inorbit_republisher)
[2.518s] INFO:colcon.colcon_core.shell:Creating package script '/workspace/ros_inorbit_samples.code-workspace/inorbit_republisher/install/inorbit_republisher/share/inorbit_republisher/package.ps1'
[2.519s] INFO:colcon.colcon_core.shell:Creating package descriptor '/workspace/ros_inorbit_samples.code-workspace/inorbit_republisher/install/inorbit_republisher/share/inorbit_republisher/package.dsv'
[2.520s] INFO:colcon.colcon_core.shell:Creating package script '/workspace/ros_inorbit_samples.code-workspace/inorbit_republisher/install/inorbit_republisher/share/inorbit_republisher/package.sh'
[2.521s] INFO:colcon.colcon_core.shell:Creating package script '/workspace/ros_inorbit_samples.code-workspace/inorbit_republisher/install/inorbit_republisher/share/inorbit_republisher/package.bash'
[2.523s] INFO:colcon.colcon_core.shell:Creating package script '/workspace/ros_inorbit_samples.code-workspace/inorbit_republisher/install/inorbit_republisher/share/inorbit_republisher/package.zsh'
[2.524s] Level 1:colcon.colcon_core.environment:create_file_with_runtime_dependencies(/workspace/ros_inorbit_samples.code-workspace/inorbit_republisher/install/inorbit_republisher/share/colcon-core/packages/inorbit_republisher)
[2.525s] DEBUG:colcon.colcon_parallel_executor.executor.parallel:closing loop
[2.525s] DEBUG:colcon.colcon_parallel_executor.executor.parallel:loop closed
[2.526s] DEBUG:colcon.colcon_parallel_executor.executor.parallel:run_until_complete finished with '0'
[2.527s] DEBUG:colcon.colcon_core.event_reactor:joining thread
[2.536s] INFO:colcon.colcon_core.plugin_system:Skipping extension 'colcon_notification.desktop_notification.notify_send': Could not find 'notify-send'
[2.536s] INFO:colcon.colcon_core.plugin_system:Skipping extension 'colcon_notification.desktop_notification.terminal_notifier': Not used on non-Darwin systems
[2.536s] INFO:colcon.colcon_core.plugin_system:Skipping extension 'colcon_notification.desktop_notification.win32': Not used on non-Windows systems
[2.536s] INFO:colcon.colcon_notification.desktop_notification:Sending desktop notification using 'notify2'
[2.536s] DEBUG:colcon.colcon_notification.desktop_notification.notify2:Failed to initialize notify2: org.freedesktop.DBus.Error.NotSupported: Unable to autolaunch a dbus-daemon without a $DISPLAY for X11
[2.536s] DEBUG:colcon.colcon_core.event_reactor:joined thread
[2.537s] INFO:colcon.colcon_core.shell:Creating prefix script '/workspace/ros_inorbit_samples.code-workspace/inorbit_republisher/install/local_setup.ps1'
[2.539s] INFO:colcon.colcon_core.shell:Creating prefix util module '/workspace/ros_inorbit_samples.code-workspace/inorbit_republisher/install/_local_setup_util_ps1.py'
[2.542s] INFO:colcon.colcon_core.shell:Creating prefix chain script '/workspace/ros_inorbit_samples.code-workspace/inorbit_republisher/install/setup.ps1'
[2.544s] INFO:colcon.colcon_core.shell:Creating prefix script '/workspace/ros_inorbit_samples.code-workspace/inorbit_republisher/install/local_setup.sh'
[2.545s] INFO:colcon.colcon_core.shell:Creating prefix util module '/workspace/ros_inorbit_samples.code-workspace/inorbit_republisher/install/_local_setup_util_sh.py'
[2.546s] INFO:colcon.colcon_core.shell:Creating prefix chain script '/workspace/ros_inorbit_samples.code-workspace/inorbit_republisher/install/setup.sh'
[2.549s] INFO:colcon.colcon_core.shell:Creating prefix script '/workspace/ros_inorbit_samples.code-workspace/inorbit_republisher/install/local_setup.bash'
[2.550s] INFO:colcon.colcon_core.shell:Creating prefix chain script '/workspace/ros_inorbit_samples.code-workspace/inorbit_republisher/install/setup.bash'
[2.553s] INFO:colcon.colcon_core.shell:Creating prefix script '/workspace/ros_inorbit_samples.code-workspace/inorbit_republisher/install/local_setup.zsh'
[2.554s] INFO:colcon.colcon_core.shell:Creating prefix chain script '/workspace/ros_inorbit_samples.code-workspace/inorbit_republisher/install/setup.zsh'
