[0.975s] Invoking command in '/workspace/ros_inorbit_samples.code-workspace/inorbit_republisher/build/inorbit_republisher': PYTHONPATH=/workspace/ros_inorbit_samples.code-workspace/inorbit_republisher/build/inorbit_republisher/prefix_override:/usr/lib/python3/dist-packages/colcon_core/task/python/colcon_distutils_commands:/workspace/ros_inorbit_samples.code-workspace/inorbit_republisher/install/inorbit_republisher/lib/python3.12/site-packages:${PYTHONPATH} /usr/bin/python3 -W ignore:setup.py install is deprecated -W ignore:easy_install command is deprecated setup.py develop --editable --build-directory /workspace/ros_inorbit_samples.code-workspace/inorbit_republisher/build/inorbit_republisher/build --no-deps symlink_data
[1.155s] /usr/lib/python3/dist-packages/setuptools/dist.py:744: SetuptoolsDeprecationWarning: Invalid dash-separated options
[1.155s] !!
[1.155s] 
[1.155s]         ********************************************************************************
[1.155s]         Usage of dash-separated 'script-dir' will not be supported in future
[1.156s]         versions. Please use the underscore name 'script_dir' instead.
[1.156s] 
[1.156s]         This deprecation is overdue, please update your project and remove deprecated
[1.156s]         calls to avoid build errors in the future.
[1.156s] 
[1.156s]         See https://setuptools.pypa.io/en/latest/userguide/declarative_config.html for details.
[1.157s]         ********************************************************************************
[1.157s] 
[1.157s] !!
[1.157s]   opt = self.warn_dash_deprecation(opt, section)
[1.433s] running develop
[1.640s] running egg_info
[1.640s] creating inorbit_republisher.egg-info
[1.659s] writing inorbit_republisher.egg-info/PKG-INFO
[1.659s] writing dependency_links to inorbit_republisher.egg-info/dependency_links.txt
[1.659s] writing entry points to inorbit_republisher.egg-info/entry_points.txt
[1.659s] writing requirements to inorbit_republisher.egg-info/requires.txt
[1.660s] writing top-level names to inorbit_republisher.egg-info/top_level.txt
[1.660s] writing manifest file 'inorbit_republisher.egg-info/SOURCES.txt'
[1.699s] reading manifest file 'inorbit_republisher.egg-info/SOURCES.txt'
[1.700s] writing manifest file 'inorbit_republisher.egg-info/SOURCES.txt'
[1.722s] running build_ext
[1.722s] Creating /workspace/ros_inorbit_samples.code-workspace/inorbit_republisher/install/inorbit_republisher/lib/python3.12/site-packages/inorbit-republisher.egg-link (link to .)
[1.723s] Installing republisher script to /workspace/ros_inorbit_samples.code-workspace/inorbit_republisher/install/inorbit_republisher/lib/inorbit_republisher
[1.723s] 
[1.723s] Installed /workspace/ros_inorbit_samples.code-workspace/inorbit_republisher/build/inorbit_republisher
[1.724s] running symlink_data
[1.724s] creating /workspace/ros_inorbit_samples.code-workspace/inorbit_republisher/install/inorbit_republisher/share/ament_index
[1.724s] creating /workspace/ros_inorbit_samples.code-workspace/inorbit_republisher/install/inorbit_republisher/share/ament_index/resource_index
[1.724s] creating /workspace/ros_inorbit_samples.code-workspace/inorbit_republisher/install/inorbit_republisher/share/ament_index/resource_index/packages
[1.724s] symbolically linking /workspace/ros_inorbit_samples.code-workspace/inorbit_republisher/build/inorbit_republisher/resource/inorbit_republisher -> /workspace/ros_inorbit_samples.code-workspace/inorbit_republisher/install/inorbit_republisher/share/ament_index/resource_index/packages
[1.725s] symbolically linking /workspace/ros_inorbit_samples.code-workspace/inorbit_republisher/build/inorbit_republisher/package.xml -> /workspace/ros_inorbit_samples.code-workspace/inorbit_republisher/install/inorbit_republisher/share/inorbit_republisher
[1.725s] symbolically linking /workspace/ros_inorbit_samples.code-workspace/inorbit_republisher/build/inorbit_republisher/launch/example.launch.xml -> /workspace/ros_inorbit_samples.code-workspace/inorbit_republisher/install/inorbit_republisher/share/inorbit_republisher
[1.725s] symbolically linking /workspace/ros_inorbit_samples.code-workspace/inorbit_republisher/build/inorbit_republisher/launch/republisher_launch.py -> /workspace/ros_inorbit_samples.code-workspace/inorbit_republisher/install/inorbit_republisher/share/inorbit_republisher
[1.725s] creating /workspace/ros_inorbit_samples.code-workspace/inorbit_republisher/install/inorbit_republisher/share/inorbit_republisher/config
[1.725s] symbolically linking /workspace/ros_inorbit_samples.code-workspace/inorbit_republisher/build/inorbit_republisher/config/example.yaml -> /workspace/ros_inorbit_samples.code-workspace/inorbit_republisher/install/inorbit_republisher/share/inorbit_republisher/config
[1.771s] Invoked command in '/workspace/ros_inorbit_samples.code-workspace/inorbit_republisher/build/inorbit_republisher' returned '0': PYTHONPATH=/workspace/ros_inorbit_samples.code-workspace/inorbit_republisher/build/inorbit_republisher/prefix_override:/usr/lib/python3/dist-packages/colcon_core/task/python/colcon_distutils_commands:/workspace/ros_inorbit_samples.code-workspace/inorbit_republisher/install/inorbit_republisher/lib/python3.12/site-packages:${PYTHONPATH} /usr/bin/python3 -W ignore:setup.py install is deprecated -W ignore:easy_install command is deprecated setup.py develop --editable --build-directory /workspace/ros_inorbit_samples.code-workspace/inorbit_republisher/build/inorbit_republisher/build --no-deps symlink_data
